ASxxxx Linker V03.00 + NoICE + sdld,  page 1.
Hexadecimal  [32-Bits]

Area                                    Addr        Size        Decimal Bytes (Attributes)
--------------------------------        ----        ----        ------- ----- ------------
CABS                                00000000    00000000 =           0. bytes (ABS,CON,CODE)

      Value  Global                              Global Defined In Module
      -----  --------------------------------   ------------------------
C:   00000000  l_BIT_BANK                      
C:   00000000  l_CABS                          
C:   00000000  l_GSINIT1                       
C:   00000000  l_GSINIT5                       
C:   00000000  l_IABS                          
C:   00000000  l_ISEG                          
C:   00000000  l_PSEG                          
C:   00000000  l_REG_BANK_1                    
C:   00000000  l_REG_BANK_2                    
C:   00000000  l_REG_BANK_3                    
C:   00000000  l_RSEG                          
C:   00000000  l_RSEG0                         
C:   00000000  l_RSEG1                         
C:   00000000  l_XABS                          
C:   00000000  l__CODE                         
C:   00000000  s_BSEG                          
C:   00000000  s_CABS                          
C:   00000000  s_DSEG                          
C:   00000000  s_HOME                          
C:   00000000  s_IABS                          
C:   00000000  s_REG_BANK_0                    
C:   00000000  s_RSEG                          
C:   00000000  s_RSEG0                         
C:   00000000  s_RSEG1                         
C:   00000000  s_XABS                          
C:   00000001  l_BSEG                          
C:   00000001  l_BSEG_BYTES                    
C:   00000001  s_PSEG                          
C:   00000001  s_XSEG                          
C:   00000003  l_GSFINAL                       
C:   00000003  l_GSINIT0                       
C:   00000008  l_REG_BANK_0                    
C:   00000008  s_REG_BANK_1                    
C:   0000000A  l_GSINIT2                       
C:   0000000A  l_XINIT                         
C:   0000000A  l_XISEG                         
C:   0000000B  l_OSEG                          
C:   00000010  s_REG_BANK_2                    
C:   00000012  l_CONST                         
C:   00000018  s_BIT_BANK                      
C:   00000018  s_REG_BANK_3                    
C:   00000020  s_BSEG_BYTES                    
C:   00000020  s__CODE                         
C:   00000022  l_GSINIT3                       
C:   00000029  l_XSEG                          
C:   0000002A  l_GSINIT4                       
C:   0000002A  s_XISEG                         
C:   00000030  l_GSINIT                        
C:   0000005E  l_DSEG                          
C:   00000060  l_SSEG                          
ASxxxx Linker V03.00 + NoICE + sdld,  page 2.
Hexadecimal  [32-Bits]

Area                                    Addr        Size        Decimal Bytes (Attributes)
--------------------------------        ----        ----        ------- ----- ------------
CABS                                00000000    00000000 =           0. bytes (ABS,CON,CODE)

      Value  Global                              Global Defined In Module
      -----  --------------------------------   ------------------------
C:   0000006B  s_OSEG                          
C:   00000080  l_IRAM                          
C:   00000080  s_ISEG                          
C:   00000080  s_SSEG                          
C:   000001E1  l_HOME                          
C:   000001E1  s_GSINIT0                       
C:   000001E4  s_GSINIT1                       
C:   000001E4  s_GSINIT2                       
C:   000001EE  s_GSINIT3                       
C:   00000210  s_GSINIT4                       
C:   0000023A  s_GSINIT                        
C:   0000023A  s_GSINIT5                       
C:   0000026A  s_GSFINAL                       
C:   0000026D  s_CSEG                          
C:   000016E5  l_CSEG                          
C:   00001952  s_CONST                         
C:   00001964  s_XINIT                         

ASxxxx Linker V03.00 + NoICE + sdld,  page 3.
Hexadecimal  [32-Bits]

Area                                    Addr        Size        Decimal Bytes (Attributes)
--------------------------------        ----        ----        ------- ----- ------------
.  .ABS.                            00000000    00000000 =           0. bytes (ABS,CON)

      Value  Global                              Global Defined In Module
      -----  --------------------------------   ------------------------
     00000000  .__.ABS.                           _fsget1arg
     00000080  _MOSI                              utils
     00000080  _P0                                utils
     00000080  _P00                               utils
     00000081  _MISO                              utils
     00000081  _P01                               utils
     00000081  _SP                                utils
     00000082  _DPL                               utils
     00000082  _P02                               utils
     00000082  _RXD_1                             utils
     00000083  _DPH                               utils
     00000083  _P03                               utils
     00000084  _P04                               utils
     00000084  _RCTRIM0                           utils
     00000084  _STADC                             utils
     00000085  _P05                               utils
     00000085  _RCTRIM1                           utils
     00000086  _P06                               utils
     00000086  _RWK                               utils
     00000086  _TXD                               utils
     00000087  _P07                               utils
     00000087  _PCON                              utils
     00000087  _RXD                               utils
     00000088  _IT0                               utils
     00000088  _TCON                              utils
     00000089  _IE0                               utils
     00000089  _TMOD                              utils
     0000008A  _IT1                               utils
     0000008A  _TL0                               utils
     0000008B  _IE1                               utils
     0000008B  _TL1                               utils
     0000008C  _TH0                               utils
     0000008C  _TR0                               utils
     0000008D  _TF0                               utils
     0000008D  _TH1                               utils
     0000008E  _CKCON                             utils
     0000008E  _TR1                               utils
     0000008F  _TF1                               utils
     0000008F  _WKCON                             utils
     00000090  _P1                                utils
     00000090  _P10                               utils
     00000091  _P11                               utils
     00000091  _SFRS                              utils
     00000092  _CAPCON0                           utils
     00000092  _P12                               utils
     00000093  _CAPCON1                           utils
     00000093  _P13                               utils
     00000093  _SCL                               utils
     00000094  _CAPCON2                           utils
     00000094  _P14                               utils
ASxxxx Linker V03.00 + NoICE + sdld,  page 4.
Hexadecimal  [32-Bits]

Area                                    Addr        Size        Decimal Bytes (Attributes)
--------------------------------        ----        ----        ------- ----- ------------
.  .ABS.                            00000000    00000000 =           0. bytes (ABS,CON)

      Value  Global                              Global Defined In Module
      -----  --------------------------------   ------------------------
     00000094  _SDA                               utils
     00000095  _CKDIV                             utils
     00000095  _P15                               utils
     00000096  _CKSWT                             utils
     00000096  _P16                               utils
     00000096  _TXD_1                             utils
     00000097  _CKEN                              utils
     00000097  _P17                               utils
     00000098  _RI                                utils
     00000098  _SCON                              utils
     00000099  _SBUF                              utils
     00000099  _TI                                utils
     0000009A  _RB8                               utils
     0000009A  _SBUF_1                            utils
     0000009B  _EIE                               utils
     0000009B  _TB8                               utils
     0000009C  _EIE1                              utils
     0000009C  _REN                               utils
     0000009D  _SM2                               utils
     0000009E  _SM1                               utils
     0000009F  _CHPCON                            utils
     0000009F  _FE                                utils
     0000009F  _SM0                               utils
     000000A0  _P2                                utils
     000000A0  _P20                               utils
     000000A0  __XPAGE                            
     000000A2  _AUXR1                             utils
     000000A3  _BODCON0                           utils
     000000A4  _IAPTRG                            utils
     000000A5  _IAPUEN                            utils
     000000A6  _IAPAL                             utils
     000000A7  _IAPAH                             utils
     000000A8  _EX0                               utils
     000000A8  _IE                                utils
     000000A9  _ET0                               utils
     000000A9  _SADDR                             utils
     000000AA  _EX1                               utils
     000000AA  _WDCON                             utils
     000000AB  _BODCON1                           utils
     000000AB  _ET1                               utils
     000000AC  _ES                                utils
     000000AC  _P3M1                              utils
     000000AC  _P3S                               utils
     000000AD  _EBOD                              utils
     000000AD  _P3M2                              utils
     000000AD  _P3SR                              utils
     000000AE  _EADC                              utils
     000000AE  _IAPFD                             utils
     000000AF  _EA                                utils
     000000AF  _IAPCN                             utils
     000000B0  _P3                                utils
ASxxxx Linker V03.00 + NoICE + sdld,  page 5.
Hexadecimal  [32-Bits]

Area                                    Addr        Size        Decimal Bytes (Attributes)
--------------------------------        ----        ----        ------- ----- ------------
.  .ABS.                            00000000    00000000 =           0. bytes (ABS,CON)

      Value  Global                              Global Defined In Module
      -----  --------------------------------   ------------------------
     000000B0  _P30                               utils
     000000B1  _P0M1                              utils
     000000B1  _P0S                               utils
     000000B2  _P0M2                              utils
     000000B2  _P0SR                              utils
     000000B3  _P1M1                              utils
     000000B3  _P1S                               utils
     000000B4  _P1M2                              utils
     000000B4  _P1SR                              utils
     000000B5  _P2S                               utils
     000000B7  _IPH                               utils
     000000B7  _PWMINTC                           utils
     000000B8  _IP                                utils
     000000B8  _PX0                               utils
     000000B9  _PT0                               utils
     000000B9  _SADEN                             utils
     000000BA  _PX1                               utils
     000000BA  _SADEN_1                           utils
     000000BB  _PT1                               utils
     000000BB  _SADDR_1                           utils
     000000BC  _I2DAT                             utils
     000000BC  _PS                                utils
     000000BD  _I2STAT                            utils
     000000BD  _PBOD                              utils
     000000BE  _I2CLK                             utils
     000000BE  _PADC                              utils
     000000BF  _I2TOC                             utils
     000000C0  _I2CON                             utils
     000000C0  _I2CPX                             utils
     000000C1  _I2ADDR                            utils
     000000C2  _AA                                utils
     000000C2  _ADCRL                             utils
     000000C3  _ADCRH                             utils
     000000C3  _SI                                utils
     000000C4  _PWM4H                             utils
     000000C4  _STO                               utils
     000000C4  _T3CON                             utils
     000000C5  _PWM5H                             utils
     000000C5  _RL3                               utils
     000000C5  _STA                               utils
     000000C6  _I2CEN                             utils
     000000C6  _PIOCON1                           utils
     000000C6  _RH3                               utils
     000000C7  _TA                                utils
     000000C8  _CM_RL2                            utils
     000000C8  _T2CON                             utils
     000000C9  _T2MOD                             utils
     000000CA  _RCMP2L                            utils
     000000CA  _TR2                               utils
     000000CB  _RCMP2H                            utils
     000000CC  _PWM4L                             utils
ASxxxx Linker V03.00 + NoICE + sdld,  page 6.
Hexadecimal  [32-Bits]

Area                                    Addr        Size        Decimal Bytes (Attributes)
--------------------------------        ----        ----        ------- ----- ------------
.  .ABS.                            00000000    00000000 =           0. bytes (ABS,CON)

      Value  Global                              Global Defined In Module
      -----  --------------------------------   ------------------------
     000000CC  _TL2                               utils
     000000CD  _PWM5L                             utils
     000000CD  _TH2                               utils
     000000CE  _ADCMPL                            utils
     000000CF  _ADCMPH                            utils
     000000CF  _TF2                               utils
     000000D0  _P                                 utils
     000000D0  _PSW                               utils
     000000D1  _PWMPH                             utils
     000000D2  _OV                                utils
     000000D2  _PWM0H                             utils
     000000D3  _PWM1H                             utils
     000000D3  _RS0                               utils
     000000D4  _PWM2H                             utils
     000000D4  _RS1                               utils
     000000D5  _F0                                utils
     000000D5  _PWM3H                             utils
     000000D6  _AC                                utils
     000000D6  _PNP                               utils
     000000D7  _CY                                utils
     000000D7  _FBD                               utils
     000000D8  _PWMCON0                           utils
     000000D9  _PWMPL                             utils
     000000DA  _PWM0L                             utils
     000000DB  _PWM1L                             utils
     000000DC  _CLRPWM                            utils
     000000DC  _PWM2L                             utils
     000000DD  _PWM3L                             utils
     000000DD  _PWMF                              utils
     000000DE  _LOAD                              utils
     000000DE  _PIOCON0                           utils
     000000DF  _PWMCON1                           utils
     000000DF  _PWMRUN                            utils
     000000E0  _ACC                               utils
     000000E1  _ADCCON1                           utils
     000000E2  _ADCCON2                           utils
     000000E3  _ADCDLY                            utils
     000000E4  _C0L                               utils
     000000E5  _C0H                               utils
     000000E6  _C1L                               utils
     000000E7  _C1H                               utils
     000000E8  _ADCCON0                           utils
     000000E8  _ADCHS0                            utils
     000000E9  _ADCHS1                            utils
     000000E9  _PICON                             utils
     000000EA  _ADCHS2                            utils
     000000EA  _PINEN                             utils
     000000EB  _ADCHS3                            utils
     000000EB  _PIPEN                             utils
     000000EC  _ETGSEL0                           utils
     000000EC  _PIF                               utils
ASxxxx Linker V03.00 + NoICE + sdld,  page 7.
Hexadecimal  [32-Bits]

Area                                    Addr        Size        Decimal Bytes (Attributes)
--------------------------------        ----        ----        ------- ----- ------------
.  .ABS.                            00000000    00000000 =           0. bytes (ABS,CON)

      Value  Global                              Global Defined In Module
      -----  --------------------------------   ------------------------
     000000ED  _C2L                               utils
     000000ED  _ETGSEL1                           utils
     000000EE  _ADCS                              utils
     000000EE  _C2H                               utils
     000000EF  _ADCF                              utils
     000000EF  _EIP                               utils
     000000F0  _B                                 utils
     000000F1  _CAPCON3                           utils
     000000F2  _CAPCON4                           utils
     000000F3  _SPCR                              utils
     000000F3  _SPCR2                             utils
     000000F4  _SPSR                              utils
     000000F5  _B_5                               _gptrget
     000000F5  _SPDR                              utils
     000000F6  _AINDIDS                           utils
     000000F6  _B_6                               _gptrget
     000000F7  _B_7                               _gptrget
     000000F7  _EIPH                              utils
     000000F8  _RI_1                              utils
     000000F8  _SCON_1                            utils
     000000F9  _PDTEN                             utils
     000000F9  _TI_1                              utils
     000000FA  _PDTCNT                            utils
     000000FA  _RB8_1                             utils
     000000FB  _PMEN                              utils
     000000FB  _TB8_1                             utils
     000000FC  _PMD                               utils
     000000FC  _REN_1                             utils
     000000FD  _SM2_1                             utils
     000000FE  _EIP1                              utils
     000000FE  _SM1_1                             utils
     000000FF  _EIPH1                             utils
     000000FF  _FE_1                              utils
     000000FF  _SM0_1                             utils
ASxxxx Linker V03.00 + NoICE + sdld,  page 8.
Hexadecimal  [32-Bits]

Area                                    Addr        Size        Decimal Bytes (Attributes)
--------------------------------        ----        ----        ------- ----- ------------
BSEG_BYTES                          00000020    00000001 =           1. bytes (REL,CON)

      Value  Global                              Global Defined In Module
      -----  --------------------------------   ------------------------
ASxxxx Linker V03.00 + NoICE + sdld,  page 9.
Hexadecimal  [32-Bits]

Area                                    Addr        Size        Decimal Bytes (Attributes)
--------------------------------        ----        ----        ------- ----- ------------
REG_BANK_0                          00000000    00000008 =           8. bytes (REL,OVR)

      Value  Global                              Global Defined In Module
      -----  --------------------------------   ------------------------
ASxxxx Linker V03.00 + NoICE + sdld,  page 10.
Hexadecimal  [32-Bits]

Area                                    Addr        Size        Decimal Bytes (Attributes)
--------------------------------        ----        ----        ------- ----- ------------
DSEG                                00000000    0000005E =          94. bytes (REL,CON)

      Value  Global                              Global Defined In Module
      -----  --------------------------------   ------------------------
     00000021  _wake_count                        main
     00000022  _battery_count                     main
     00000023  _flags                             main
     00000024  _wide_band                         RF24
     00000025  _p_variant                         RF24
     00000026  _payload_size                      RF24
     00000027  _ack_payload_available             RF24
     00000028  _dynamic_payloads_enabled          RF24
     00000029  _ack_payload_length                RF24
     0000002A  _pipe0_reading_address             RF24
     0000002F  _read_registers_PARM_2             RF24
     00000032  _read_registers_PARM_3             RF24
     00000033  _write_registers_PARM_2            RF24
     00000036  _write_registers_PARM_3            RF24
     00000037  _write_register_PARM_2             RF24
     00000038  _write_payload_PARM_2              RF24
     00000039  _read_payload_PARM_2               RF24
     0000003A  _write_PARM_2                      RF24
     0000003E  _startWrite_PARM_2                 RF24
     0000003F  _read_PARM_2                       RF24
     00000040  _whatHappened_PARM_2               RF24
     00000043  _whatHappened_PARM_3               RF24
     00000046  _openReadingPipe_PARM_2            RF24
     00000049  _writeAckPayload_PARM_2            RF24
     0000004C  _writeAckPayload_PARM_3            RF24
     0000004D  _setAutoAckPipe_PARM_2             RF24
     0000004E  _setRetries_PARM_2                 RF24
     0000004F  _Hdc1080WriteRegister_PARM_2       hdc1080
     00000051  _Hdc1080Read_PARM_2                hdc1080
     00000058  _spi_write_data_PARM_2             spi
     00000059  _spi_read_data_PARM_2              spi
     0000005A  _hexTab                            utils

ASxxxx Linker V03.00 + NoICE + sdld,  page 11.
Hexadecimal  [32-Bits]

Area                                    Addr        Size        Decimal Bytes (Attributes)
--------------------------------        ----        ----        ------- ----- ------------
OSEG                                0000006B    0000000B =          11. bytes (REL,OVR)

      Value  Global                              Global Defined In Module
      -----  --------------------------------   ------------------------
     0000006B  ___memcpy_PARM_2                   __memcpy
     0000006B  __divsint_PARM_2                   _divuint
     0000006B  __divslong_PARM_2                  _divulong
     0000006B  __divuint_PARM_2                   _divuint
     0000006B  __divulong_PARM_2                  _divulong
     0000006B  __gptrput_PARM_2                   _gptrput
     0000006B  _crc16_PARM_2                      utils
     0000006B  _make_packet_checksum_PARM_2       utils
     0000006B  _min_PARM_2                        RF24
     0000006C  _crc16_PARM_3                      utils
     0000006E  ___memcpy_PARM_3                   __memcpy

ASxxxx Linker V03.00 + NoICE + sdld,  page 12.
Hexadecimal  [32-Bits]

Area                                    Addr        Size        Decimal Bytes (Attributes)
--------------------------------        ----        ----        ------- ----- ------------
SSEG                                00000080    00000060 =          96. bytes (REL,OVR)

      Value  Global                              Global Defined In Module
      -----  --------------------------------   ------------------------
     00000080  __start__stack                     main

ASxxxx Linker V03.00 + NoICE + sdld,  page 13.
Hexadecimal  [32-Bits]

Area                                    Addr        Size        Decimal Bytes (Attributes)
--------------------------------        ----        ----        ------- ----- ------------
XSEG                                00000001    00000029 =          41. bytes (REL,CON,XDATA)

      Value  Global                              Global Defined In Module
      -----  --------------------------------   ------------------------
D:   00000001  _IdentPacket                       main
D:   00000014  _TriggerPacket                     main
D:   00000020  _Bandgap_Voltage                   battery
D:   00000024  _Bandgap_Value                     battery
D:   00000028  _BandgapHigh                       battery
D:   00000029  _BandgapLow                        battery
ASxxxx Linker V03.00 + NoICE + sdld,  page 14.
Hexadecimal  [32-Bits]

Area                                    Addr        Size        Decimal Bytes (Attributes)
--------------------------------        ----        ----        ------- ----- ------------
XISEG                               0000002A    0000000A =          10. bytes (REL,CON,XDATA)

      Value  Global                              Global Defined In Module
      -----  --------------------------------   ------------------------
D:   0000002A  _pipeTx                            main
D:   0000002F  _pipeRx                            main

ASxxxx Linker V03.00 + NoICE + sdld,  page 15.
Hexadecimal  [32-Bits]

Area                                    Addr        Size        Decimal Bytes (Attributes)
--------------------------------        ----        ----        ------- ----- ------------
HOME                                00000000    000001E1 =         481. bytes (REL,CON,CODE)

      Value  Global                              Global Defined In Module
      -----  --------------------------------   ------------------------
C:   000001DE  __sdcc_program_startup             main

ASxxxx Linker V03.00 + NoICE + sdld,  page 16.
Hexadecimal  [32-Bits]

Area                                    Addr        Size        Decimal Bytes (Attributes)
--------------------------------        ----        ----        ------- ----- ------------
GSINIT0                             000001E1    00000003 =           3. bytes (REL,CON,CODE)

      Value  Global                              Global Defined In Module
      -----  --------------------------------   ------------------------
C:   000001E1  __sdcc_gsinit_startup              

ASxxxx Linker V03.00 + NoICE + sdld,  page 17.
Hexadecimal  [32-Bits]

Area                                    Addr        Size        Decimal Bytes (Attributes)
--------------------------------        ----        ----        ------- ----- ------------
GSINIT2                             000001E4    0000000A =          10. bytes (REL,CON,CODE)

      Value  Global                              Global Defined In Module
      -----  --------------------------------   ------------------------
ASxxxx Linker V03.00 + NoICE + sdld,  page 18.
Hexadecimal  [32-Bits]

Area                                    Addr        Size        Decimal Bytes (Attributes)
--------------------------------        ----        ----        ------- ----- ------------
GSINIT3                             000001EE    00000022 =          34. bytes (REL,CON,CODE)

      Value  Global                              Global Defined In Module
      -----  --------------------------------   ------------------------
C:   000001EE  __mcs51_genXINIT                   

ASxxxx Linker V03.00 + NoICE + sdld,  page 19.
Hexadecimal  [32-Bits]

Area                                    Addr        Size        Decimal Bytes (Attributes)
--------------------------------        ----        ----        ------- ----- ------------
GSINIT4                             00000210    0000002A =          42. bytes (REL,CON,CODE)

      Value  Global                              Global Defined In Module
      -----  --------------------------------   ------------------------
C:   00000210  __mcs51_genRAMCLEAR                
C:   00000216  __mcs51_genXRAMCLEAR               

ASxxxx Linker V03.00 + NoICE + sdld,  page 20.
Hexadecimal  [32-Bits]

Area                                    Addr        Size        Decimal Bytes (Attributes)
--------------------------------        ----        ----        ------- ----- ------------
GSINIT                              0000023A    00000030 =          48. bytes (REL,CON,CODE)

      Value  Global                              Global Defined In Module
      -----  --------------------------------   ------------------------
ASxxxx Linker V03.00 + NoICE + sdld,  page 21.
Hexadecimal  [32-Bits]

Area                                    Addr        Size        Decimal Bytes (Attributes)
--------------------------------        ----        ----        ------- ----- ------------
GSFINAL                             0000026A    00000003 =           3. bytes (REL,CON,CODE)

      Value  Global                              Global Defined In Module
      -----  --------------------------------   ------------------------
ASxxxx Linker V03.00 + NoICE + sdld,  page 22.
Hexadecimal  [32-Bits]

Area                                    Addr        Size        Decimal Bytes (Attributes)
--------------------------------        ----        ----        ------- ----- ------------
CSEG                                0000026D    000016E5 =        5861. bytes (REL,CON,CODE)

      Value  Global                              Global Defined In Module
      -----  --------------------------------   ------------------------
C:   0000026D  _pin_int07                         main
C:   00000291  _startup_packet_send               main
C:   0000031F  _trigger_packet_send               main
C:   00000382  _main                              main
C:   00000459  _InitialUART0_Timer1               Common
C:   0000049A  _InitialUART0_Timer3               Common
C:   000004ED  _Receive_Data_From_UART0           Common
C:   000004F6  _Send_Data_To_UART0                Common
C:   00000500  _InitialUART1_Timer3               Common
C:   0000054E  _Receive_Data_From_UART1           Common
C:   00000557  _Send_Data_To_UART1                Common
C:   00000561  _Timer0_Delay100us                 Delay
C:   00000593  _Timer0_Delay1ms                   Delay
C:   000005C5  _Timer1_Delay10ms                  Delay
C:   000005F7  _Timer2_Delay500us                 Delay
C:   0000062C  _Timer3_Delay100ms                 Delay
C:   00000668  _Timer3_Delay10us                  Delay
C:   000006A4  _Stimer_10u                        Delay
C:   000006C5  _min                               RF24
C:   000006D4  _csn                               RF24
C:   000006DB  _ce                                RF24
C:   000006E2  _read_registers                    RF24
C:   00000740  _read_register                     RF24
C:   00000769  _write_registers                   RF24
C:   000007C6  _write_register                    RF24
C:   000007F1  _write_payload                     RF24
C:   0000089B  _read_payload                      RF24
C:   00000948  _flush_rx                          RF24
C:   00000963  _flush_tx                          RF24
C:   0000097E  _get_status                        RF24
C:   00000999  _setChannel                        RF24
C:   000009AE  _setPayloadSize                    RF24
C:   000009B8  _getPayloadSize                    RF24
C:   000009BC  _begin                             RF24
C:   00000A27  _startListening                    RF24
C:   00000A69  _stopListening                     RF24
C:   00000A75  _powerDown                         RF24
C:   00000A87  _powerUp                           RF24
C:   00000AA2  _write                             RF24
C:   00000AF8  _startWrite                        RF24
C:   00000B48  _getDynamicPayloadSize             RF24
C:   00000B69  _available                         RF24
C:   00000B72  _availablePipe                     RF24
C:   00000BCA  _read                              RF24
C:   00000BDD  _whatHappened                      RF24
C:   00000C2B  _openWritingPipe                   RF24
C:   00000C6D  _openReadingPipe                   RF24
C:   00000D07  _toggle_features                   RF24
C:   00000D1F  _enableDynamicPayloads             RF24
C:   00000D66  _enableAckPayload                  RF24
ASxxxx Linker V03.00 + NoICE + sdld,  page 23.
Hexadecimal  [32-Bits]

Area                                    Addr        Size        Decimal Bytes (Attributes)
--------------------------------        ----        ----        ------- ----- ------------
CSEG                                0000026D    000016E5 =        5861. bytes (REL,CON,CODE)

      Value  Global                              Global Defined In Module
      -----  --------------------------------   ------------------------
C:   00000DA9  _writeAckPayload                   RF24
C:   00000E1A  _isAckPayloadAvailable             RF24
C:   00000E21  _isPVariant                        RF24
C:   00000E25  _setAutoAck                        RF24
C:   00000E3B  _setAutoAckPipe                    RF24
C:   00000E81  _testCarrier                       RF24
C:   00000E8E  _testRPD                           RF24
C:   00000E9B  _setPALevel                        RF24
C:   00000ED5  _getPALevel                        RF24
C:   00000EFA  _setDataRate                       RF24
C:   00000F53  _getDataRate                       RF24
C:   00000F71  _setCRCLength                      RF24
C:   00000F9B  _getCRCLength                      RF24
C:   00000FBC  _disableCRC                        RF24
C:   00000FCE  _setRetries                        RF24
C:   00000FE3  _swap                              hdc1080
C:   00000FEC  _HandleError                       hdc1080
C:   00001005  _Hdc1080WriteRegister              hdc1080
C:   00001069  _Hdc1080Init                       hdc1080
C:   0000107E  _Hdc1080Read                       hdc1080
C:   00001175  _Init_I2C                          i2c
C:   00001189  _spi_init                          spi
C:   000011A5  _spi_setDataMode                   spi
C:   000011A6  _spi_write_data                    spi
C:   000011DE  _spi_transfer                      spi
C:   000011ED  _spi_read_data                     spi
C:   00001235  _READ_BANDGAP                      battery
C:   0000132C  _ADC_Bypass                        battery
C:   0000133C  _read_battery_voltage              battery
C:   000013CB  _print_byte                        utils
C:   000013F4  _UID_byte                          utils
C:   0000143B  _make_packet_checksum              utils
C:   0000147F  _get_device_id                     utils
C:   000014C6  _crc16                             utils
C:   0000154A  __divuint                          _divuint
C:   00001573  ___fsmul                           _fsmul
C:   00001616  fsgetargs                          _fsget2args
C:   00001644  __divulong                         _divulong
C:   000016A9  ___memcpy                          __memcpy
C:   000016FE  fs_normalize_a                     _fsnormalize
C:   00001731  ___ulong2fs                        _ulong2fs
C:   0000173A  ulong2fs_doit                      _ulong2fs
C:   00001744  __gptrput                          _gptrput
C:   0000175F  ___sint2fs                         _sint2fs
C:   0000176C  ___fs2uint                         _fs2uint
C:   00001777  fs_round_and_return                _fsreturnval
C:   0000178F  fs_zerocheck_return                _fsreturnval
C:   00001798  fs_return_zero                     _fsreturnval
C:   000017A0  fs_direct_return                   _fsreturnval
C:   000017AE  fs_return_inf                      _fsreturnval
C:   000017BB  fs_return_nan                      _fsreturnval
ASxxxx Linker V03.00 + NoICE + sdld,  page 24.
Hexadecimal  [32-Bits]

Area                                    Addr        Size        Decimal Bytes (Attributes)
--------------------------------        ----        ----        ------- ----- ------------
CSEG                                0000026D    000016E5 =        5861. bytes (REL,CON,CODE)

      Value  Global                              Global Defined In Module
      -----  --------------------------------   ------------------------
C:   000017C6  ___fsdiv                           _fsdiv
C:   00001889  __gptrget                          _gptrget
C:   000018A5  ___slong2fs                        _slong2fs
C:   000018AE  slong2fs_doit                      _slong2fs
C:   000018D2  __sdcc_external_startup            _startup
C:   000018D6  ___fs2ulong                        _fs2ulong
C:   000018D8  fs2ulong_begin                     _fs2ulong
C:   000018FD  fs_rshift_a                        _fsrshift
C:   00001940  fsgetarg                           _fsget1arg

ASxxxx Linker V03.00 + NoICE + sdld,  page 25.
Hexadecimal  [32-Bits]

Area                                    Addr        Size        Decimal Bytes (Attributes)
--------------------------------        ----        ----        ------- ----- ------------
CONST                               00001952    00000012 =          18. bytes (REL,CON,CODE)

      Value  Global                              Global Defined In Module
      -----  --------------------------------   ------------------------
ASxxxx Linker V03.00 + NoICE + sdld,  page 26.
Hexadecimal  [32-Bits]

Area                                    Addr        Size        Decimal Bytes (Attributes)
--------------------------------        ----        ----        ------- ----- ------------
XINIT                               00001964    0000000A =          10. bytes (REL,CON,CODE)

      Value  Global                              Global Defined In Module
      -----  --------------------------------   ------------------------
ASxxxx Linker V03.00 + NoICE + sdld,  page 27.

Files Linked                              [ module(s) ]

objs/main.rel                             [  ]
objs/Common.rel                           [  ]
objs/Delay.rel                            [  ]
objs/RF24.rel                             [  ]
objs/hdc1080.rel                          [  ]
objs/i2c.rel                              [  ]
objs/spi.rel                              [  ]
objs/battery.rel                          [  ]
objs/utils.rel                            [  ]


Libraries Linked                          [ object file ]

/usr/local/bin/../share/sdcc/lib/small/libint.lib
                                          [ _divuint.rel ]
/usr/local/bin/../share/sdcc/lib/small/libfloat.lib
                                          [ _fsmul.rel ]
/usr/local/bin/../share/sdcc/lib/small/libfloat.lib
                                          [ _fsget2args.rel ]
/usr/local/bin/../share/sdcc/lib/small/liblong.lib
                                          [ _divulong.rel ]
/usr/local/bin/../share/sdcc/lib/small/mcs51.lib
                                          [ crtclear.rel ]
/usr/local/bin/../share/sdcc/lib/small/libsdcc.lib
                                          [ __memcpy.rel ]
/usr/local/bin/../share/sdcc/lib/small/libfloat.lib
                                          [ _fsnormalize.rel ]
/usr/local/bin/../share/sdcc/lib/small/mcs51.lib
                                          [ crtxinit.rel ]
/usr/local/bin/../share/sdcc/lib/small/libfloat.lib
                                          [ _ulong2fs.rel ]
/usr/local/bin/../share/sdcc/lib/small/libsdcc.lib
                                          [ _gptrput.rel ]
/usr/local/bin/../share/sdcc/lib/small/mcs51.lib
                                          [ crtxclear.rel ]
/usr/local/bin/../share/sdcc/lib/small/libfloat.lib
                                          [ _sint2fs.rel ]
/usr/local/bin/../share/sdcc/lib/small/libfloat.lib
                                          [ _fs2uint.rel ]
/usr/local/bin/../share/sdcc/lib/small/libfloat.lib
                                          [ _fsreturnval.rel ]
/usr/local/bin/../share/sdcc/lib/small/mcs51.lib
                                          [ crtpagesfr.rel ]
/usr/local/bin/../share/sdcc/lib/small/libfloat.lib
                                          [ _fsdiv.rel ]
/usr/local/bin/../share/sdcc/lib/small/mcs51.lib
                                          [ crtstart.rel ]
/usr/local/bin/../share/sdcc/lib/small/libsdcc.lib
                                          [ _gptrget.rel ]
/usr/local/bin/../share/sdcc/lib/small/libfloat.lib
                                          [ _slong2fs.rel ]
/usr/local/bin/../share/sdcc/lib/small/libsdcc.lib
                                          [ _startup.rel ]
/usr/local/bin/../share/sdcc/lib/small/libfloat.lib
                                          [ _fs2ulong.rel ]
/usr/local/bin/../share/sdcc/lib/small/libfloat.lib
                                          [ _fsrshift.rel ]
/usr/local/bin/../share/sdcc/lib/small/libfloat.lib
                                          [ _fsget1arg.rel ]

ASxxxx Linker V03.00 + NoICE + sdld,  page 28.

User Base Address Definitions

HOME = 0x0000
DSEG = 0x0020
XSEG = 0x0001
PSEG = 0x0001
ISEG = 0x0080
BSEG = 0x0000

